Analyzing contacts_management...                                

  error - The expression of a constant pattern must be a valid constant - lib\core\router\app_navigation.dart:75:12 - constant_pattern_with_non_constant_expression
   info - 'withOpacity' is deprecated and shouldn't be used. Use .withValues() to avoid precision loss - lib\core\theme\app_theme.dart:38:33 - deprecated_member_use
   info - 'withOpacity' is deprecated and shouldn't be used. Use .withValues() to avoid precision loss - lib\core\utils\common_widgets.dart:27:29 - deprecated_member_use
   info - 'withOpacity' is deprecated and shouldn't be used. Use .withValues() to avoid precision loss - lib\core\utils\common_widgets.dart:29:48 - deprecated_member_use
warning - Unused import: '../../core/constants/app_strings.dart' - lib\screens\auth\forgot_password_screen.dart:3:8 - unused_import
   info - 'withOpacity' is deprecated and shouldn't be used. Use .withValues() to avoid precision loss - lib\screens\auth\forgot_password_screen.dart:67:45 - deprecated_member_use
   info - 'withOpacity' is deprecated and shouldn't be used. Use .withValues() to avoid precision loss - lib\screens\auth\forgot_password_screen.dart:69:64 - deprecated_member_use
warning - Unused import: '../../providers/auth_provider.dart' - lib\screens\auth\login_screen.dart:6:8 - unused_import
   info - 'withOpacity' is deprecated and shouldn't be used. Use .withValues() to avoid precision loss - lib\screens\auth\login_screen.dart:89:43 - deprecated_member_use
   info - 'withOpacity' is deprecated and shouldn't be used. Use .withValues() to avoid precision loss - lib\screens\auth\login_screen.dart:91:62 - deprecated_member_use
warning - Unused import: '../../core/router/app_navigation.dart' - lib\screens\auth\signup_screen.dart:4:8 - unused_import
   info - 'withOpacity' is deprecated and shouldn't be used. Use .withValues() to avoid precision loss - lib\screens\auth\signup_screen.dart:79:43 - deprecated_member_use
   info - 'withOpacity' is deprecated and shouldn't be used. Use .withValues() to avoid precision loss - lib\screens\auth\signup_screen.dart:81:62 - deprecated_member_use
   info - 'withOpacity' is deprecated and shouldn't be used. Use .withValues() to avoid precision loss - lib\screens\auth\signup_screen.dart:177:61 - deprecated_member_use
   info - Don't use 'BuildContext's across async gaps - lib\screens\auth\splash_screen.dart:32:38 - use_build_context_synchronously
   info - Don't use 'BuildContext's across async gaps - lib\screens\auth\splash_screen.dart:34:38 - use_build_context_synchronously
   info - 'withOpacity' is deprecated and shouldn't be used. Use .withValues() to avoid precision loss - lib\screens\auth\splash_screen.dart:59:47 - deprecated_member_use
   info - 'withOpacity' is deprecated and shouldn't be used. Use .withValues() to avoid precision loss - lib\screens\auth\splash_screen.dart:102:53 - deprecated_member_use
   info - 'withOpacity' is deprecated and shouldn't be used. Use .withValues() to avoid precision loss - lib\screens\contacts\add_contact_screen.dart:203:33 - deprecated_member_use
   info - Use the null-aware marker '?' rather than a null check via an 'if' - lib\screens\contacts\contact_detail_screen.dart:135:11 - use_null_aware_elements
   info - 'withOpacity' is deprecated and shouldn't be used. Use .withValues() to avoid precision loss - lib\screens\contacts\contact_detail_screen.dart:136:85 - deprecated_member_use
   info - 'withOpacity' is deprecated and shouldn't be used. Use .withValues() to avoid precision loss - lib\screens\contacts\contact_detail_screen.dart:146:56 - deprecated_member_use
   info - 'withOpacity' is deprecated and shouldn't be used. Use .withValues() to avoid precision loss - lib\screens\contacts\contact_detail_screen.dart:155:29 - deprecated_member_use
   info - 'withOpacity' is deprecated and shouldn't be used. Use .withValues() to avoid precision loss - lib\screens\contacts\contact_detail_screen.dart:157:48 - deprecated_member_use
   info - 'withOpacity' is deprecated and shouldn't be used. Use .withValues() to avoid precision loss - lib\screens\contacts\contact_detail_screen.dart:163:53 - deprecated_member_use
   info - 'withOpacity' is deprecated and shouldn't be used. Use .withValues() to avoid precision loss - lib\screens\contacts\contacts_list_screen.dart:125:75 - deprecated_member_use
  error - The named parameter 'borderSide' isn't defined - lib\screens\contacts\contacts_list_screen.dart:130:88 - undefined_named_parameter
   info - 'withOpacity' is deprecated and shouldn't be used. Use .withValues() to avoid precision loss - lib\screens\contacts\edit_contact_screen.dart:253:33 - deprecated_member_use
   info - 'withOpacity' is deprecated and shouldn't be used. Use .withValues() to avoid precision loss - lib\screens\dates\dates_home_screen.dart:59:31 - deprecated_member_use
   info - 'withOpacity' is deprecated and shouldn't be used. Use .withValues() to avoid precision loss - lib\screens\dates\dates_home_screen.dart:139:65 - deprecated_member_use
   info - 'withOpacity' is deprecated and shouldn't be used. Use .withValues() to avoid precision loss - lib\screens\dates\dates_home_screen.dart:180:67 - deprecated_member_use
   info - 'withOpacity' is deprecated and shouldn't be used. Use .withValues() to avoid precision loss - lib\screens\dates\dates_home_screen.dart:260:54 - deprecated_member_use
   info - 'withOpacity' is deprecated and shouldn't be used. Use .withValues() to avoid precision loss - lib\screens\dates\datetype_screen.dart:64:73 - deprecated_member_use
  error - The named parameter 'borderSide' isn't defined - lib\screens\dates\datetype_screen.dart:66:86 - undefined_named_parameter
   info - 'withOpacity' is deprecated and shouldn't be used. Use .withValues() to avoid precision loss - lib\screens\dates\datetype_screen.dart:97:80 - deprecated_member_use
   info - 'withOpacity' is deprecated and shouldn't be used. Use .withValues() to avoid precision loss - lib\screens\dates\datetype_screen.dart:103:69 - deprecated_member_use
   info - 'withOpacity' is deprecated and shouldn't be used. Use .withValues() to avoid precision loss - lib\screens\dates\personwise_screen.dart:90:57 - deprecated_member_use
   info - 'withOpacity' is deprecated and shouldn't be used. Use .withValues() to avoid precision loss - lib\screens\dates\personwise_screen.dart:104:59 - deprecated_member_use
warning - Unused import: '../../providers/contacts_provider.dart' - lib\screens\home\home_screen.dart:8:8 - unused_import
   info - 'withOpacity' is deprecated and shouldn't be used. Use .withValues() to avoid precision loss - lib\screens\home\home_screen.dart:146:80 - deprecated_member_use
   info - 'withOpacity' is deprecated and shouldn't be used. Use .withValues() to avoid precision loss - lib\screens\home\home_screen.dart:181:54 - deprecated_member_use
   info - 'withOpacity' is deprecated and shouldn't be used. Use .withValues() to avoid precision loss - lib\screens\home\home_screen.dart:181:85 - deprecated_member_use
   info - 'withOpacity' is deprecated and shouldn't be used. Use .withValues() to avoid precision loss - lib\screens\home\home_screen.dart:206:41 - deprecated_member_use
   info - 'withOpacity' is deprecated and shouldn't be used. Use .withValues() to avoid precision loss - lib\screens\home\home_screen.dart:245:35 - deprecated_member_use
warning - Unused import: '../models/user_model.dart' - lib\services\auth_service.dart:4:8 - unused_import
  error - The name 'MyApp' isn't a class - test\widget_test.dart:16:35 - creation_with_non_type

